###############################################################################
#
# IAR ELF Linker V7.50.1.10123/W32 for ARM                14/Jun/2016  17:35:17
# Copyright 2007-2015 IAR Systems AB.
#
#    Output file  =  
#        C:\Users\bruno
#        montanari\Desktop\Treinamentos\DistSession\2016\6_Ethernet\Lab1\EWARM\Lab1\Exe\Lab1.out
#    Map file     =  
#        C:\Users\bruno
#        montanari\Desktop\Treinamentos\DistSession\2016\6_Ethernet\Lab1\EWARM\Lab1\List\Lab1.map
#    Command line =  
#        "C:\Users\bruno
#        montanari\Desktop\Treinamentos\DistSession\2016\6_Ethernet\Lab1\EWARM\Lab1\Obj\api_lib.o"
#        "C:\Users\bruno
#        montanari\Desktop\Treinamentos\DistSession\2016\6_Ethernet\Lab1\EWARM\Lab1\Obj\api_msg.o"
#        "C:\Users\bruno
#        montanari\Desktop\Treinamentos\DistSession\2016\6_Ethernet\Lab1\EWARM\Lab1\Obj\arc4.o"
#        "C:\Users\bruno
#        montanari\Desktop\Treinamentos\DistSession\2016\6_Ethernet\Lab1\EWARM\Lab1\Obj\auth.o"
#        "C:\Users\bruno
#        montanari\Desktop\Treinamentos\DistSession\2016\6_Ethernet\Lab1\EWARM\Lab1\Obj\autoip.o"
#        "C:\Users\bruno
#        montanari\Desktop\Treinamentos\DistSession\2016\6_Ethernet\Lab1\EWARM\Lab1\Obj\ccp.o"
#        "C:\Users\bruno
#        montanari\Desktop\Treinamentos\DistSession\2016\6_Ethernet\Lab1\EWARM\Lab1\Obj\chap-md5.o"
#        "C:\Users\bruno
#        montanari\Desktop\Treinamentos\DistSession\2016\6_Ethernet\Lab1\EWARM\Lab1\Obj\chap-new.o"
#        "C:\Users\bruno
#        montanari\Desktop\Treinamentos\DistSession\2016\6_Ethernet\Lab1\EWARM\Lab1\Obj\chap_ms.o"
#        "C:\Users\bruno
#        montanari\Desktop\Treinamentos\DistSession\2016\6_Ethernet\Lab1\EWARM\Lab1\Obj\def.o"
#        "C:\Users\bruno
#        montanari\Desktop\Treinamentos\DistSession\2016\6_Ethernet\Lab1\EWARM\Lab1\Obj\demand.o"
#        "C:\Users\bruno
#        montanari\Desktop\Treinamentos\DistSession\2016\6_Ethernet\Lab1\EWARM\Lab1\Obj\des.o"
#        "C:\Users\bruno
#        montanari\Desktop\Treinamentos\DistSession\2016\6_Ethernet\Lab1\EWARM\Lab1\Obj\dhcp.o"
#        "C:\Users\bruno
#        montanari\Desktop\Treinamentos\DistSession\2016\6_Ethernet\Lab1\EWARM\Lab1\Obj\dhcp6.o"
#        "C:\Users\bruno
#        montanari\Desktop\Treinamentos\DistSession\2016\6_Ethernet\Lab1\EWARM\Lab1\Obj\dns.o"
#        "C:\Users\bruno
#        montanari\Desktop\Treinamentos\DistSession\2016\6_Ethernet\Lab1\EWARM\Lab1\Obj\eap.o"
#        "C:\Users\bruno
#        montanari\Desktop\Treinamentos\DistSession\2016\6_Ethernet\Lab1\EWARM\Lab1\Obj\ecp.o"
#        "C:\Users\bruno
#        montanari\Desktop\Treinamentos\DistSession\2016\6_Ethernet\Lab1\EWARM\Lab1\Obj\err.o"
#        "C:\Users\bruno
#        montanari\Desktop\Treinamentos\DistSession\2016\6_Ethernet\Lab1\EWARM\Lab1\Obj\etharp.o"
#        "C:\Users\bruno
#        montanari\Desktop\Treinamentos\DistSession\2016\6_Ethernet\Lab1\EWARM\Lab1\Obj\ethernetif.o"
#        "C:\Users\bruno
#        montanari\Desktop\Treinamentos\DistSession\2016\6_Ethernet\Lab1\EWARM\Lab1\Obj\ethip6.o"
#        "C:\Users\bruno
#        montanari\Desktop\Treinamentos\DistSession\2016\6_Ethernet\Lab1\EWARM\Lab1\Obj\eui64.o"
#        "C:\Users\bruno
#        montanari\Desktop\Treinamentos\DistSession\2016\6_Ethernet\Lab1\EWARM\Lab1\Obj\fsm.o"
#        "C:\Users\bruno
#        montanari\Desktop\Treinamentos\DistSession\2016\6_Ethernet\Lab1\EWARM\Lab1\Obj\gpio.o"
#        "C:\Users\bruno
#        montanari\Desktop\Treinamentos\DistSession\2016\6_Ethernet\Lab1\EWARM\Lab1\Obj\icmp.o"
#        "C:\Users\bruno
#        montanari\Desktop\Treinamentos\DistSession\2016\6_Ethernet\Lab1\EWARM\Lab1\Obj\icmp6.o"
#        "C:\Users\bruno
#        montanari\Desktop\Treinamentos\DistSession\2016\6_Ethernet\Lab1\EWARM\Lab1\Obj\igmp.o"
#        "C:\Users\bruno
#        montanari\Desktop\Treinamentos\DistSession\2016\6_Ethernet\Lab1\EWARM\Lab1\Obj\inet6.o"
#        "C:\Users\bruno
#        montanari\Desktop\Treinamentos\DistSession\2016\6_Ethernet\Lab1\EWARM\Lab1\Obj\inet_chksum.o"
#        "C:\Users\bruno
#        montanari\Desktop\Treinamentos\DistSession\2016\6_Ethernet\Lab1\EWARM\Lab1\Obj\init.o"
#        "C:\Users\bruno
#        montanari\Desktop\Treinamentos\DistSession\2016\6_Ethernet\Lab1\EWARM\Lab1\Obj\ip4.o"
#        "C:\Users\bruno
#        montanari\Desktop\Treinamentos\DistSession\2016\6_Ethernet\Lab1\EWARM\Lab1\Obj\ip4_addr.o"
#        "C:\Users\bruno
#        montanari\Desktop\Treinamentos\DistSession\2016\6_Ethernet\Lab1\EWARM\Lab1\Obj\ip6.o"
#        "C:\Users\bruno
#        montanari\Desktop\Treinamentos\DistSession\2016\6_Ethernet\Lab1\EWARM\Lab1\Obj\ip6_addr.o"
#        "C:\Users\bruno
#        montanari\Desktop\Treinamentos\DistSession\2016\6_Ethernet\Lab1\EWARM\Lab1\Obj\ip6_frag.o"
#        "C:\Users\bruno
#        montanari\Desktop\Treinamentos\DistSession\2016\6_Ethernet\Lab1\EWARM\Lab1\Obj\ip_frag.o"
#        "C:\Users\bruno
#        montanari\Desktop\Treinamentos\DistSession\2016\6_Ethernet\Lab1\EWARM\Lab1\Obj\ipcp.o"
#        "C:\Users\bruno
#        montanari\Desktop\Treinamentos\DistSession\2016\6_Ethernet\Lab1\EWARM\Lab1\Obj\ipv6cp.o"
#        "C:\Users\bruno
#        montanari\Desktop\Treinamentos\DistSession\2016\6_Ethernet\Lab1\EWARM\Lab1\Obj\lcp.o"
#        "C:\Users\bruno
#        montanari\Desktop\Treinamentos\DistSession\2016\6_Ethernet\Lab1\EWARM\Lab1\Obj\lwip.o"
#        "C:\Users\bruno
#        montanari\Desktop\Treinamentos\DistSession\2016\6_Ethernet\Lab1\EWARM\Lab1\Obj\lwip_timers.o"
#        "C:\Users\bruno
#        montanari\Desktop\Treinamentos\DistSession\2016\6_Ethernet\Lab1\EWARM\Lab1\Obj\magic.o"
#        "C:\Users\bruno
#        montanari\Desktop\Treinamentos\DistSession\2016\6_Ethernet\Lab1\EWARM\Lab1\Obj\main.o"
#        "C:\Users\bruno
#        montanari\Desktop\Treinamentos\DistSession\2016\6_Ethernet\Lab1\EWARM\Lab1\Obj\md4.o"
#        "C:\Users\bruno
#        montanari\Desktop\Treinamentos\DistSession\2016\6_Ethernet\Lab1\EWARM\Lab1\Obj\md5.o"
#        "C:\Users\bruno
#        montanari\Desktop\Treinamentos\DistSession\2016\6_Ethernet\Lab1\EWARM\Lab1\Obj\mem.o"
#        "C:\Users\bruno
#        montanari\Desktop\Treinamentos\DistSession\2016\6_Ethernet\Lab1\EWARM\Lab1\Obj\memp.o"
#        "C:\Users\bruno
#        montanari\Desktop\Treinamentos\DistSession\2016\6_Ethernet\Lab1\EWARM\Lab1\Obj\mld6.o"
#        "C:\Users\bruno
#        montanari\Desktop\Treinamentos\DistSession\2016\6_Ethernet\Lab1\EWARM\Lab1\Obj\mppe.o"
#        "C:\Users\bruno
#        montanari\Desktop\Treinamentos\DistSession\2016\6_Ethernet\Lab1\EWARM\Lab1\Obj\multilink.o"
#        "C:\Users\bruno
#        montanari\Desktop\Treinamentos\DistSession\2016\6_Ethernet\Lab1\EWARM\Lab1\Obj\nd6.o"
#        "C:\Users\bruno
#        montanari\Desktop\Treinamentos\DistSession\2016\6_Ethernet\Lab1\EWARM\Lab1\Obj\netbuf.o"
#        "C:\Users\bruno
#        montanari\Desktop\Treinamentos\DistSession\2016\6_Ethernet\Lab1\EWARM\Lab1\Obj\netdb.o"
#        "C:\Users\bruno
#        montanari\Desktop\Treinamentos\DistSession\2016\6_Ethernet\Lab1\EWARM\Lab1\Obj\netif.o"
#        "C:\Users\bruno
#        montanari\Desktop\Treinamentos\DistSession\2016\6_Ethernet\Lab1\EWARM\Lab1\Obj\netifapi.o"
#        "C:\Users\bruno
#        montanari\Desktop\Treinamentos\DistSession\2016\6_Ethernet\Lab1\EWARM\Lab1\Obj\pbuf.o"
#        "C:\Users\bruno
#        montanari\Desktop\Treinamentos\DistSession\2016\6_Ethernet\Lab1\EWARM\Lab1\Obj\ppp.o"
#        "C:\Users\bruno
#        montanari\Desktop\Treinamentos\DistSession\2016\6_Ethernet\Lab1\EWARM\Lab1\Obj\pppapi.o"
#        "C:\Users\bruno
#        montanari\Desktop\Treinamentos\DistSession\2016\6_Ethernet\Lab1\EWARM\Lab1\Obj\pppcrypt.o"
#        "C:\Users\bruno
#        montanari\Desktop\Treinamentos\DistSession\2016\6_Ethernet\Lab1\EWARM\Lab1\Obj\pppoe.o"
#        "C:\Users\bruno
#        montanari\Desktop\Treinamentos\DistSession\2016\6_Ethernet\Lab1\EWARM\Lab1\Obj\pppol2tp.o"
#        "C:\Users\bruno
#        montanari\Desktop\Treinamentos\DistSession\2016\6_Ethernet\Lab1\EWARM\Lab1\Obj\pppos.o"
#        "C:\Users\bruno
#        montanari\Desktop\Treinamentos\DistSession\2016\6_Ethernet\Lab1\EWARM\Lab1\Obj\raw.o"
#        "C:\Users\bruno
#        montanari\Desktop\Treinamentos\DistSession\2016\6_Ethernet\Lab1\EWARM\Lab1\Obj\sha1.o"
#        "C:\Users\bruno
#        montanari\Desktop\Treinamentos\DistSession\2016\6_Ethernet\Lab1\EWARM\Lab1\Obj\slipif.o"
#        "C:\Users\bruno
#        montanari\Desktop\Treinamentos\DistSession\2016\6_Ethernet\Lab1\EWARM\Lab1\Obj\sockets.o"
#        "C:\Users\bruno
#        montanari\Desktop\Treinamentos\DistSession\2016\6_Ethernet\Lab1\EWARM\Lab1\Obj\startup_stm32f429xx.o"
#        "C:\Users\bruno
#        montanari\Desktop\Treinamentos\DistSession\2016\6_Ethernet\Lab1\EWARM\Lab1\Obj\stats.o"
#        "C:\Users\bruno
#        montanari\Desktop\Treinamentos\DistSession\2016\6_Ethernet\Lab1\EWARM\Lab1\Obj\stm32f4xx_hal.o"
#        "C:\Users\bruno
#        montanari\Desktop\Treinamentos\DistSession\2016\6_Ethernet\Lab1\EWARM\Lab1\Obj\stm32f4xx_hal_cortex.o"
#        "C:\Users\bruno
#        montanari\Desktop\Treinamentos\DistSession\2016\6_Ethernet\Lab1\EWARM\Lab1\Obj\stm32f4xx_hal_dma.o"
#        "C:\Users\bruno
#        montanari\Desktop\Treinamentos\DistSession\2016\6_Ethernet\Lab1\EWARM\Lab1\Obj\stm32f4xx_hal_dma_ex.o"
#        "C:\Users\bruno
#        montanari\Desktop\Treinamentos\DistSession\2016\6_Ethernet\Lab1\EWARM\Lab1\Obj\stm32f4xx_hal_eth.o"
#        "C:\Users\bruno
#        montanari\Desktop\Treinamentos\DistSession\2016\6_Ethernet\Lab1\EWARM\Lab1\Obj\stm32f4xx_hal_flash.o"
#        "C:\Users\bruno
#        montanari\Desktop\Treinamentos\DistSession\2016\6_Ethernet\Lab1\EWARM\Lab1\Obj\stm32f4xx_hal_flash_ex.o"
#        "C:\Users\bruno
#        montanari\Desktop\Treinamentos\DistSession\2016\6_Ethernet\Lab1\EWARM\Lab1\Obj\stm32f4xx_hal_flash_ramfunc.o"
#        "C:\Users\bruno
#        montanari\Desktop\Treinamentos\DistSession\2016\6_Ethernet\Lab1\EWARM\Lab1\Obj\stm32f4xx_hal_gpio.o"
#        "C:\Users\bruno
#        montanari\Desktop\Treinamentos\DistSession\2016\6_Ethernet\Lab1\EWARM\Lab1\Obj\stm32f4xx_hal_msp.o"
#        "C:\Users\bruno
#        montanari\Desktop\Treinamentos\DistSession\2016\6_Ethernet\Lab1\EWARM\Lab1\Obj\stm32f4xx_hal_pwr.o"
#        "C:\Users\bruno
#        montanari\Desktop\Treinamentos\DistSession\2016\6_Ethernet\Lab1\EWARM\Lab1\Obj\stm32f4xx_hal_pwr_ex.o"
#        "C:\Users\bruno
#        montanari\Desktop\Treinamentos\DistSession\2016\6_Ethernet\Lab1\EWARM\Lab1\Obj\stm32f4xx_hal_rcc.o"
#        "C:\Users\bruno
#        montanari\Desktop\Treinamentos\DistSession\2016\6_Ethernet\Lab1\EWARM\Lab1\Obj\stm32f4xx_hal_rcc_ex.o"
#        "C:\Users\bruno
#        montanari\Desktop\Treinamentos\DistSession\2016\6_Ethernet\Lab1\EWARM\Lab1\Obj\stm32f4xx_hal_tim.o"
#        "C:\Users\bruno
#        montanari\Desktop\Treinamentos\DistSession\2016\6_Ethernet\Lab1\EWARM\Lab1\Obj\stm32f4xx_hal_tim_ex.o"
#        "C:\Users\bruno
#        montanari\Desktop\Treinamentos\DistSession\2016\6_Ethernet\Lab1\EWARM\Lab1\Obj\stm32f4xx_hal_uart.o"
#        "C:\Users\bruno
#        montanari\Desktop\Treinamentos\DistSession\2016\6_Ethernet\Lab1\EWARM\Lab1\Obj\stm32f4xx_it.o"
#        "C:\Users\bruno
#        montanari\Desktop\Treinamentos\DistSession\2016\6_Ethernet\Lab1\EWARM\Lab1\Obj\sys.o"
#        "C:\Users\bruno
#        montanari\Desktop\Treinamentos\DistSession\2016\6_Ethernet\Lab1\EWARM\Lab1\Obj\system_stm32f4xx.o"
#        "C:\Users\bruno
#        montanari\Desktop\Treinamentos\DistSession\2016\6_Ethernet\Lab1\EWARM\Lab1\Obj\tcp.o"
#        "C:\Users\bruno
#        montanari\Desktop\Treinamentos\DistSession\2016\6_Ethernet\Lab1\EWARM\Lab1\Obj\tcp_in.o"
#        "C:\Users\bruno
#        montanari\Desktop\Treinamentos\DistSession\2016\6_Ethernet\Lab1\EWARM\Lab1\Obj\tcp_out.o"
#        "C:\Users\bruno
#        montanari\Desktop\Treinamentos\DistSession\2016\6_Ethernet\Lab1\EWARM\Lab1\Obj\tcpip.o"
#        "C:\Users\bruno
#        montanari\Desktop\Treinamentos\DistSession\2016\6_Ethernet\Lab1\EWARM\Lab1\Obj\udp.o"
#        "C:\Users\bruno
#        montanari\Desktop\Treinamentos\DistSession\2016\6_Ethernet\Lab1\EWARM\Lab1\Obj\upap.o"
#        "C:\Users\bruno
#        montanari\Desktop\Treinamentos\DistSession\2016\6_Ethernet\Lab1\EWARM\Lab1\Obj\usart.o"
#        "C:\Users\bruno
#        montanari\Desktop\Treinamentos\DistSession\2016\6_Ethernet\Lab1\EWARM\Lab1\Obj\utils.o"
#        "C:\Users\bruno
#        montanari\Desktop\Treinamentos\DistSession\2016\6_Ethernet\Lab1\EWARM\Lab1\Obj\vj.o"
#        --redirect _Printf=_PrintfFull --redirect _Scanf=_ScanfFull -o
#        "C:\Users\bruno
#        montanari\Desktop\Treinamentos\DistSession\2016\6_Ethernet\Lab1\EWARM\Lab1\Exe\Lab1.out"
#        --map "C:\Users\bruno
#        montanari\Desktop\Treinamentos\DistSession\2016\6_Ethernet\Lab1\EWARM\Lab1\List\Lab1.map"
#        --config "C:\Users\bruno
#        montanari\Desktop\Treinamentos\DistSession\2016\6_Ethernet\Lab1\EWARM/stm32f429xx_flash.icf"
#        --semihosting --entry __iar_program_start --vfe
#
###############################################################################

*******************************************************************************
*** RUNTIME MODEL ATTRIBUTES
***

CppFlavor                     = *
__Heap_Handler                = Basic
__SystemLibrary               = DLib
__dlib_dynamic_initialization = normal


*******************************************************************************
*** PLACEMENT SUMMARY
***

"A1":  place at 0x08000000 { ro section .intvec };
"P1":  place in [from 0x08000000 to 0x081fffff] { ro };
"P2":  place in [from 0x20000000 to 0x2002ffff] { rw, block CSTACK, block HEAP };

  Section             Kind        Address    Size  Object
  -------             ----        -------    ----  ------
"A1":                                       0x1ac
  .intvec             ro code  0x08000000   0x1ac  startup_stm32f429xx.o [1]
                             - 0x080001ac   0x1ac

"P1":                                      0x8335
  .text               ro code  0x080001ac  0x1152  xprintffull.o [3]
  .text               ro code  0x080012fe    0x20  xmbtowc.o [3]
  .text               ro code  0x0800131e     0xa  xsprout.o [3]
  .text               ro code  0x08001328    0x16  strchr.o [5]
  .text               ro code  0x08001340    0x36  strlen.o [5]
  .text               ro code  0x08001378    0x58  memchr.o [5]
  .text               ro code  0x080013d0     0xa  xmbcurmax.o [3]
  .text               ro code  0x080013dc    0xb0  xxmemxmalloc.o [3]
  .text               ro code  0x0800148c    0x1a  xwctomb.o [3]
  .text               ro code  0x080014a8    0x76  ABImemcpy_unaligned.o [5]
  .text               ro code  0x08001520    0x80  xxmemxfree.o [3]
  .text               ro code  0x080015a0    0xee  I64DivMod.o [5]
  .text               ro code  0x0800168e    0x42  xdnorm.o [4]
  .text               ro code  0x080016d0    0x2e  DblCmpLe.o [4]
  .text               ro code  0x08001700    0x2e  DblCmpGe.o [4]
  .text               ro code  0x08001730   0x114  xdscale.o [4]
  .text               ro code  0x08001844    0x58  DblToI32.o [4]
  .text               ro code  0x0800189c    0x30  I32ToDbl.o [4]
  .text               ro code  0x080018cc   0x180  DblSub.o [4]
  .text               ro code  0x08001a4c   0x1a2  DblMul.o [4]
  .text               ro code  0x08001bf0   0x256  DblDiv.o [4]
  .text               ro code  0x08001e48    0x6c  localeconv.o [3]
  .text               ro code  0x08001eb4     0xe  div.o [3]
  .text               ro code  0x08001ec4    0x14  setlocale.o [3]
  .text               ro code  0x08001ed8    0x60  xencoding_sb.o [3]
  .text               ro code  0x08001f38    0x2c  xgetmemchunk.o [3]
  .text               ro code  0x08001f64     0x2  I64DivZer.o [5]
  .text               ro code  0x08001f68    0xd4  DblAdd.o [4]
  .text               ro code  0x0800203c     0x2  xtls.o [3]
  .text               ro code  0x08002040   0xbfc  tcp_in.o [1]
  .text               ro code  0x08002c3c    0x34  ip4_addr.o [1]
  .text               ro code  0x08002c70   0x40c  pbuf.o [1]
  .text               ro code  0x0800307c    0x26  def.o [1]
  .text               ro code  0x080030a4   0x9d8  tcp.o [1]
  .text               ro code  0x08003a7c   0xa36  tcp_out.o [1]
  .text               ro code  0x080044b4    0x78  memp.o [1]
  .text               ro code  0x0800452c   0x19c  lwip_timers.o [1]
  .text               ro code  0x080046c8   0x1e0  mem.o [1]
  .text               ro code  0x080048a8   0x278  ip4.o [1]
  .text               ro code  0x08004b20     0x6  ABImemclr4.o [5]
  .text               ro code  0x08004b28   0x524  ip_frag.o [1]
  .text               ro code  0x0800504c   0x690  etharp.o [1]
  .text               ro code  0x080056dc   0x806  dhcp.o [1]
  .text               ro code  0x08005ee4   0x382  ethernetif.o [1]
  .text               ro code  0x08006268   0x2d4  udp.o [1]
  .text               ro code  0x0800653c   0x154  icmp.o [1]
  .text               ro code  0x08006690    0x32  ABImemset48.o [5]
  .text               ro code  0x080066c4    0x62  memcmp_unaligned.o [5]
  .text               ro code  0x08006728   0x16c  netif.o [1]
  .text               ro code  0x08006894    0xe0  rand.o [3]
  .text               ro code  0x08006974   0x214  stm32f4xx_hal_gpio.o [1]
  .text               ro code  0x08006b88    0xe2  stm32f4xx_hal_cortex.o [1]
  .text               ro code  0x08006c6c   0x734  stm32f4xx_hal_eth.o [1]
  .text               ro code  0x080073a0    0x88  stm32f4xx_hal.o [1]
  .text               ro code  0x08007428   0x434  stm32f4xx_hal_rcc.o [1]
  .text               ro code  0x0800785c    0x60  stm32f4xx_hal_msp.o [1]
  .text               ro code  0x080078bc   0x358  main.o [1]
  .text               ro code  0x08007c14   0x130  gpio.o [1]
  .text               ro code  0x08007d44    0x8c  usart.o [1]
  .text               ro code  0x08007dd0    0x70  lwip.o [1]
  .text               ro code  0x08007e40    0x74  stm32f4xx_hal_pwr_ex.o [1]
  .text               ro code  0x08007eb4    0x34  sprintf.o [3]
  .text               ro code  0x08007ee8   0x1ee  stm32f4xx_hal_uart.o [1]
  .text               ro code  0x080080d6    0x1e  init.o [1]
  .rodata             const    0x080080f4    0x6c  memp.o [1]
  .text               ro code  0x08008160    0x50  system_stm32f4xx.o [1]
  .text               ro code  0x080081b0    0x40  zero_init3.o [5]
  .text               ro code  0x080081f0    0x38  packbits_init_single.o [5]
  .text               ro code  0x08008228    0x28  data_init.o [5]
  .text               ro code  0x08008250    0x22  fpinit_M.o [4]
  .iar.init_table     const    0x08008274    0x20  - Linker created -
  .text               ro code  0x08008294    0x1a  cmain.o [5]
  .text               ro code  0x080082ae     0x4  low_level_init.o [3]
  .text               ro code  0x080082b2     0x4  exit.o [3]
  .text               ro code  0x080082b8     0xa  cexit.o [5]
  .text               ro code  0x080082c4    0x14  exit.o [6]
  .text               ro code  0x080082d8    0x18  stm32f4xx_it.o [1]
  .text               ro code  0x080082f0    0x10  startup_stm32f429xx.o [1]
  .text               ro code  0x08008300     0xc  cstartup_M.o [5]
  .rodata             const    0x0800830c     0x8  ip4_addr.o [1]
  .text               ro code  0x08008314     0x4  startup_stm32f429xx.o [1]
  .text               ro code  0x08008318     0x4  startup_stm32f429xx.o [1]
  .text               ro code  0x0800831c     0x4  startup_stm32f429xx.o [1]
  .text               ro code  0x08008320     0x4  startup_stm32f429xx.o [1]
  .text               ro code  0x08008324     0x4  startup_stm32f429xx.o [1]
  .text               ro code  0x08008328     0x4  startup_stm32f429xx.o [1]
  .text               ro code  0x0800832c     0x4  startup_stm32f429xx.o [1]
  .text               ro code  0x08008330     0x4  startup_stm32f429xx.o [1]
  .text               ro code  0x08008334     0x4  startup_stm32f429xx.o [1]
  .text               ro code  0x08008338     0x4  startup_stm32f429xx.o [1]
  .text               ro code  0x0800833c     0x4  startup_stm32f429xx.o [1]
  .text               ro code  0x08008340     0x4  startup_stm32f429xx.o [1]
  .text               ro code  0x08008344     0x4  startup_stm32f429xx.o [1]
  .text               ro code  0x08008348     0x4  startup_stm32f429xx.o [1]
  .text               ro code  0x0800834c     0x4  startup_stm32f429xx.o [1]
  .text               ro code  0x08008350     0x4  startup_stm32f429xx.o [1]
  .text               ro code  0x08008354     0x4  startup_stm32f429xx.o [1]
  .text               ro code  0x08008358     0x4  startup_stm32f429xx.o [1]
  .text               ro code  0x0800835c     0x4  startup_stm32f429xx.o [1]
  .text               ro code  0x08008360     0x4  startup_stm32f429xx.o [1]
  .text               ro code  0x08008364     0x4  startup_stm32f429xx.o [1]
  .text               ro code  0x08008368     0x4  startup_stm32f429xx.o [1]
  .text               ro code  0x0800836c     0x4  startup_stm32f429xx.o [1]
  .text               ro code  0x08008370     0x4  startup_stm32f429xx.o [1]
  .text               ro code  0x08008374     0x4  startup_stm32f429xx.o [1]
  .text               ro code  0x08008378     0x4  startup_stm32f429xx.o [1]
  .text               ro code  0x0800837c     0x4  startup_stm32f429xx.o [1]
  .text               ro code  0x08008380     0x4  startup_stm32f429xx.o [1]
  .text               ro code  0x08008384     0x4  startup_stm32f429xx.o [1]
  .text               ro code  0x08008388     0x4  startup_stm32f429xx.o [1]
  .text               ro code  0x0800838c     0x4  startup_stm32f429xx.o [1]
  .text               ro code  0x08008390     0x4  startup_stm32f429xx.o [1]
  .text               ro code  0x08008394     0x4  startup_stm32f429xx.o [1]
  .text               ro code  0x08008398     0x4  startup_stm32f429xx.o [1]
  .text               ro code  0x0800839c     0x4  startup_stm32f429xx.o [1]
  .text               ro code  0x080083a0     0x4  startup_stm32f429xx.o [1]
  .text               ro code  0x080083a4     0x4  startup_stm32f429xx.o [1]
  .text               ro code  0x080083a8     0x4  startup_stm32f429xx.o [1]
  .text               ro code  0x080083ac     0x4  startup_stm32f429xx.o [1]
  .text               ro code  0x080083b0     0x4  startup_stm32f429xx.o [1]
  .text               ro code  0x080083b4     0x4  startup_stm32f429xx.o [1]
  .text               ro code  0x080083b8     0x4  startup_stm32f429xx.o [1]
  .text               ro code  0x080083bc     0x4  startup_stm32f429xx.o [1]
  .text               ro code  0x080083c0     0x4  startup_stm32f429xx.o [1]
  .text               ro code  0x080083c4     0x4  startup_stm32f429xx.o [1]
  .text               ro code  0x080083c8     0x4  startup_stm32f429xx.o [1]
  .text               ro code  0x080083cc     0x4  startup_stm32f429xx.o [1]
  .text               ro code  0x080083d0     0x4  startup_stm32f429xx.o [1]
  .text               ro code  0x080083d4     0x4  startup_stm32f429xx.o [1]
  .text               ro code  0x080083d8     0x4  startup_stm32f429xx.o [1]
  .text               ro code  0x080083dc     0x4  startup_stm32f429xx.o [1]
  .text               ro code  0x080083e0     0x4  startup_stm32f429xx.o [1]
  .text               ro code  0x080083e4     0x4  startup_stm32f429xx.o [1]
  .text               ro code  0x080083e8     0x4  startup_stm32f429xx.o [1]
  .text               ro code  0x080083ec     0x4  startup_stm32f429xx.o [1]
  .text               ro code  0x080083f0     0x4  startup_stm32f429xx.o [1]
  .text               ro code  0x080083f4     0x4  startup_stm32f429xx.o [1]
  .text               ro code  0x080083f8     0x4  startup_stm32f429xx.o [1]
  .text               ro code  0x080083fc     0x4  startup_stm32f429xx.o [1]
  .text               ro code  0x08008400     0x4  startup_stm32f429xx.o [1]
  .text               ro code  0x08008404     0x4  startup_stm32f429xx.o [1]
  .text               ro code  0x08008408     0x4  startup_stm32f429xx.o [1]
  .text               ro code  0x0800840c     0x4  startup_stm32f429xx.o [1]
  .text               ro code  0x08008410     0x4  startup_stm32f429xx.o [1]
  .text               ro code  0x08008414     0x4  startup_stm32f429xx.o [1]
  .text               ro code  0x08008418     0x4  startup_stm32f429xx.o [1]
  .text               ro code  0x0800841c     0x4  startup_stm32f429xx.o [1]
  .text               ro code  0x08008420     0x4  startup_stm32f429xx.o [1]
  .text               ro code  0x08008424     0x4  startup_stm32f429xx.o [1]
  .text               ro code  0x08008428     0x4  startup_stm32f429xx.o [1]
  .text               ro code  0x0800842c     0x4  startup_stm32f429xx.o [1]
  .text               ro code  0x08008430     0x4  startup_stm32f429xx.o [1]
  .text               ro code  0x08008434     0x4  startup_stm32f429xx.o [1]
  .text               ro code  0x08008438     0x4  startup_stm32f429xx.o [1]
  .text               ro code  0x0800843c     0x4  startup_stm32f429xx.o [1]
  .text               ro code  0x08008440     0x4  startup_stm32f429xx.o [1]
  .text               ro code  0x08008444     0x4  startup_stm32f429xx.o [1]
  .text               ro code  0x08008448     0x4  startup_stm32f429xx.o [1]
  .text               ro code  0x0800844c     0x4  startup_stm32f429xx.o [1]
  .text               ro code  0x08008450     0x4  startup_stm32f429xx.o [1]
  .text               ro code  0x08008454     0x4  startup_stm32f429xx.o [1]
  .text               ro code  0x08008458     0x4  startup_stm32f429xx.o [1]
  .text               ro code  0x0800845c     0x4  startup_stm32f429xx.o [1]
  .text               ro code  0x08008460     0x4  startup_stm32f429xx.o [1]
  .text               ro code  0x08008464     0x4  startup_stm32f429xx.o [1]
  .text               ro code  0x08008468     0x4  startup_stm32f429xx.o [1]
  .text               ro code  0x0800846c     0x4  startup_stm32f429xx.o [1]
  .text               ro code  0x08008470     0x4  startup_stm32f429xx.o [1]
  .text               ro code  0x08008474     0x4  startup_stm32f429xx.o [1]
  .text               ro code  0x08008478     0x4  startup_stm32f429xx.o [1]
  .text               ro code  0x0800847c     0x4  startup_stm32f429xx.o [1]
  .text               ro code  0x08008480     0x4  startup_stm32f429xx.o [1]
  .text               ro code  0x08008484     0x4  startup_stm32f429xx.o [1]
  .text               ro code  0x08008488     0x4  startup_stm32f429xx.o [1]
  .text               ro code  0x0800848c     0x4  startup_stm32f429xx.o [1]
  .text               ro code  0x08008490     0x4  startup_stm32f429xx.o [1]
  .text               ro code  0x08008494     0x4  startup_stm32f429xx.o [1]
  .rodata             const    0x08008498     0x0  zero_init3.o [5]
  .rodata             const    0x08008498     0x0  packbits_init_single.o [5]
  Initializer bytes   const    0x08008498    0x49  <for P2-1>
                             - 0x080084e1  0x8335

"P2", part 1 of 3:                          0x1da
  P2-1                         0x20000000   0x1da  <Init block>
    .data             inited   0x20000000     0x4  dhcp.o [1]
    .data             inited   0x20000004    0x24  memp.o [1]
    .data             inited   0x20000028     0x4  system_stm32f4xx.o [1]
    .data             inited   0x2000002c    0x1c  tcp.o [1]
    .data             inited   0x20000048     0x8  udp.o [1]
    __DLIB_PERTHREAD  inited   0x20000050    0x8c  rand.o [3]
    __DLIB_PERTHREAD  inited   0x200000dc    0x88  localeconv.o [3]
    __DLIB_PERTHREAD  inited   0x20000164    0x74  setlocale.o [3]
    .data             inited   0x200001d8     0x2  tcp.o [1]
                             - 0x200001da   0x1da

"P2", part 2 of 3:                          0x600
  CSTACK                       0x200001e0   0x400  <Block>
    CSTACK            uninit   0x200001e0   0x400  <Block tail>
  HEAP                         0x200005e0   0x200  <Block>
    HEAP              uninit   0x200005e0   0x200  <Block tail>
                             - 0x200007e0   0x600

"P2", part 3 of 3:                         0x77d0
  .bss                zero     0x200007e0  0x3d10  ethernetif.o [1]
  .bss                zero     0x200044f0  0x18c0  memp.o [1]
  .bss                zero     0x20005db0  0x1420  mem.o [1]
  .bss                zero     0x200071d0   0x5c8  memp.o [1]
  .bss                zero     0x20007798   0x168  memp.o [1]
  .bss                zero     0x20007900   0x118  memp.o [1]
  .bss                zero     0x20007a18    0xf0  etharp.o [1]
  .bss                zero     0x20007b08    0xc0  memp.o [1]
  .bss                zero     0x20007bc8    0xc0  memp.o [1]
  .bss                zero     0x20007c88    0xa0  memp.o [1]
  .bss                zero     0x20007d28    0xa0  memp.o [1]
  .bss                zero     0x20007dc8    0x68  main.o [1]
  .bss                zero     0x20007e30    0x50  memp.o [1]
  .bss                zero     0x20007e80    0x44  lwip.o [1]
  .bss                zero     0x20007ec4    0x40  usart.o [1]
  .bss                zero     0x20007f04    0x34  tcp_in.o [1]
  .bss                zero     0x20007f38    0x18  ip4.o [1]
  .bss                zero     0x20007f50     0xc  netif.o [1]
  .bss                zero     0x20007f5c     0x8  ip_frag.o [1]
  .bss                zero     0x20007f64     0x8  lwip_timers.o [1]
  .bss                zero     0x20007f6c     0x8  xxmemxmalloc.o [3]
  .bss                zero     0x20007f74     0x4  dhcp.o [1]
  .bss                zero     0x20007f78     0x4  lwip_timers.o [1]
  .bss                zero     0x20007f7c     0x4  main.o [1]
  .bss                zero     0x20007f80     0x4  memp.o [1]
  .bss                zero     0x20007f84     0x4  memp.o [1]
  .bss                zero     0x20007f88     0x4  memp.o [1]
  .bss                zero     0x20007f8c     0x4  memp.o [1]
  .bss                zero     0x20007f90     0x4  memp.o [1]
  .bss                zero     0x20007f94     0x4  memp.o [1]
  .bss                zero     0x20007f98     0x4  memp.o [1]
  .bss                zero     0x20007f9c     0x4  memp.o [1]
  .bss                zero     0x20007fa0     0x4  memp.o [1]
  .bss                zero     0x20007fa4     0x4  stm32f4xx_hal.o [1]
  .bss                zero     0x20007fa8     0x4  xgetmemchunk.o [3]
  .bss                zero     0x20007fac     0x2  ip4.o [1]
  .bss                zero     0x20007fae     0x1  etharp.o [1]
  .bss                zero     0x20007faf     0x1  tcp.o [1]
                             - 0x20007fb0  0x77d0


*******************************************************************************
*** INIT TABLE
***

          Address     Size
          -------     ----
Zero (__iar_zero_init3)
    1 destination range, total size 0x77d0:
          0x200007e0  0x77d0

Copy/packbits (__iar_packbits_init_single3)
    1 source range, total size 0x49 (15% of destination):
          0x08008498    0x49
    1 destination range, total size 0x1da:
          0x20000000   0x1da



*******************************************************************************
*** MODULE SUMMARY
***

    Module                  ro code  ro data  rw data
    ------                  -------  -------  -------
C:\Users\bruno montanari\Desktop\Treinamentos\DistSession\2016\6_Ethernet\Lab1\EWARM\Lab1\Obj: [1]
    def.o                        38
    dhcp.o                    2 054                 8
    etharp.o                  1 680               241
    ethernetif.o                898            15 632
    gpio.o                      304
    icmp.o                      340
    init.o                       30
    ip4.o                       632                26
    ip4_addr.o                   52        8
    ip_frag.o                 1 316                 8
    lwip.o                      112                68
    lwip_timers.o               412                12
    main.o                      856               108
    mem.o                       480             5 152
    memp.o                      120      114    9 312
    netif.o                     364                12
    pbuf.o                    1 036
    startup_stm32f429xx.o       832
    stm32f4xx_hal.o             136                 4
    stm32f4xx_hal_cortex.o      226
    stm32f4xx_hal_eth.o       1 844
    stm32f4xx_hal_gpio.o        532
    stm32f4xx_hal_msp.o          96
    stm32f4xx_hal_pwr_ex.o      116
    stm32f4xx_hal_rcc.o       1 076
    stm32f4xx_hal_uart.o        494
    stm32f4xx_it.o               24
    system_stm32f4xx.o           80                 4
    tcp.o                     2 520        6       31
    tcp_in.o                  3 068                52
    tcp_out.o                 2 614
    udp.o                       724        1        8
    usart.o                     140                64
    -------------------------------------------------
    Total:                   25 246      129   30 742

command line: [2]
    -------------------------------------------------
    Total:

dl7M_tlf.a: [3]
    div.o                        14
    exit.o                        4
    localeconv.o                108       21      136
    low_level_init.o              4
    rand.o                      224       21      140
    setlocale.o                  20       18      116
    sprintf.o                    52
    xencoding_sb.o               96
    xgetmemchunk.o               44                 4
    xmbcurmax.o                  10
    xmbtowc.o                    32
    xprintffull.o             4 434
    xsprout.o                    10
    xtls.o                        2
    xwctomb.o                    26
    xxmemxfree.o                128
    xxmemxmalloc.o              176                 8
    -------------------------------------------------
    Total:                    5 384       60      404

m7M_tls.a: [4]
    DblAdd.o                    212
    DblCmpGe.o                   46
    DblCmpLe.o                   46
    DblDiv.o                    598
    DblMul.o                    418
    DblSub.o                    384
    DblToI32.o                   88
    I32ToDbl.o                   48
    fpinit_M.o                   34
    xdnorm.o                     66
    xdscale.o                   276
    -------------------------------------------------
    Total:                    2 216

rt7M_tl.a: [5]
    ABImemclr4.o                  6
    ABImemcpy_unaligned.o       118
    ABImemset48.o                50
    I64DivMod.o                 238
    I64DivZer.o                   2
    cexit.o                      10
    cmain.o                      26
    cstartup_M.o                 12
    data_init.o                  40
    memchr.o                     88
    memcmp_unaligned.o           98
    packbits_init_single.o       56
    strchr.o                     22
    strlen.o                     54
    zero_init3.o                 64
    -------------------------------------------------
    Total:                      884

shb_l.a: [6]
    exit.o                       20
    -------------------------------------------------
    Total:                       20

    Gaps                         44        2
    Linker created                        32    1 536
-----------------------------------------------------
    Grand Total:             33 794      223   32 682


*******************************************************************************
*** ENTRY LIST
***

Entry                      Address    Size  Type      Object
-----                      -------    ----  ----      ------
.iar.init_table$$Base   0x08008274           --   Gb  - Linker created -
.iar.init_table$$Limit  0x08008294           --   Gb  - Linker created -
?main                   0x08008295          Code  Gb  cmain.o [5]
APBAHBPrescTable        0x0800784c    0x10  Data  Gb  stm32f4xx_hal_rcc.o [1]
CSTACK$$Base            0x200001e0           --   Gb  - Linker created -
CSTACK$$Limit           0x200005e0           --   Gb  - Linker created -
DMARxDscrTab            0x20000828    0xa0  Data  Gb  ethernetif.o [1]
DMATxDscrTab            0x200008c8    0xa0  Data  Gb  ethernetif.o [1]
ETH_Delay               0x0800733d    0x24  Code  Lc  stm32f4xx_hal_eth.o [1]
ETH_FlushTransmitFIFO   0x08007319    0x24  Code  Lc  stm32f4xx_hal_eth.o [1]
ETH_IRQHandler          0x080082e7     0x6  Code  Gb  stm32f4xx_it.o [1]
ETH_MACDMAConfig        0x08007233    0xe6  Code  Lc  stm32f4xx_hal_eth.o [1]
Error_Handler           0x08007bf1     0x2  Code  Gb  main.o [1]
HAL_Delay               0x08007405    0x18  Code  Wk  stm32f4xx_hal.o [1]
HAL_ETH_DMARxDescListInit
                        0x08006e8d    0x5c  Code  Gb  stm32f4xx_hal_eth.o [1]
HAL_ETH_DMATxDescListInit
                        0x08006e21    0x6c  Code  Gb  stm32f4xx_hal_eth.o [1]
HAL_ETH_ErrorCallback   0x080070bf     0x2  Code  Wk  stm32f4xx_hal_eth.o [1]
HAL_ETH_GetReceivedFrame
                        0x08006fe5    0x76  Code  Gb  stm32f4xx_hal_eth.o [1]
HAL_ETH_IRQHandler      0x0800705b    0x60  Code  Gb  stm32f4xx_hal_eth.o [1]
HAL_ETH_Init            0x08006c6d   0x1a0  Code  Gb  stm32f4xx_hal_eth.o [1]
HAL_ETH_MspInit         0x08005ee5    0x9e  Code  Gb  ethernetif.o [1]
HAL_ETH_ReadPHYRegister
                        0x080070c1    0x76  Code  Gb  stm32f4xx_hal_eth.o [1]
HAL_ETH_RxCpltCallback  0x080070bd     0x2  Code  Wk  stm32f4xx_hal_eth.o [1]
HAL_ETH_Start           0x0800719f    0x50  Code  Gb  stm32f4xx_hal_eth.o [1]
HAL_ETH_TransmitFrame   0x08006f01    0xe4  Code  Gb  stm32f4xx_hal_eth.o [1]
HAL_ETH_TxCpltCallback  0x080070bb     0x2  Code  Wk  stm32f4xx_hal_eth.o [1]
HAL_ETH_WritePHYRegister
                        0x08007137    0x68  Code  Gb  stm32f4xx_hal_eth.o [1]
HAL_GPIO_Init           0x08006975   0x1ca  Code  Gb  stm32f4xx_hal_gpio.o [1]
HAL_GPIO_ReadPin        0x08006b3f     0xc  Code  Gb  stm32f4xx_hal_gpio.o [1]
HAL_GPIO_WritePin       0x08006b4b     0x8  Code  Gb  stm32f4xx_hal_gpio.o [1]
HAL_GetTick             0x080073ff     0x6  Code  Wk  stm32f4xx_hal.o [1]
HAL_IncTick             0x080073f5     0xa  Code  Wk  stm32f4xx_hal.o [1]
HAL_Init                0x080073a1    0x30  Code  Gb  stm32f4xx_hal.o [1]
HAL_InitTick            0x080073d1    0x24  Code  Wk  stm32f4xx_hal.o [1]
HAL_MspInit             0x0800785d    0x60  Code  Gb  stm32f4xx_hal_msp.o [1]
HAL_NVIC_EnableIRQ      0x08006bf7     0xc  Code  Gb  stm32f4xx_hal_cortex.o [1]
HAL_NVIC_SetPriority    0x08006bbd    0x3a  Code  Gb  stm32f4xx_hal_cortex.o [1]
HAL_NVIC_SetPriorityGrouping
                        0x08006ba3    0x1a  Code  Gb  stm32f4xx_hal_cortex.o [1]
HAL_PWREx_EnableOverDrive
                        0x08007e41    0x44  Code  Gb  stm32f4xx_hal_pwr_ex.o [1]
HAL_RCC_ClockConfig     0x08007673   0x12c  Code  Gb  stm32f4xx_hal_rcc.o [1]
HAL_RCC_GetHCLKFreq     0x080077f3     0x6  Code  Gb  stm32f4xx_hal_rcc.o [1]
HAL_RCC_GetPCLK1Freq    0x080077f9    0x12  Code  Gb  stm32f4xx_hal_rcc.o [1]
HAL_RCC_GetPCLK2Freq    0x0800780b    0x10  Code  Gb  stm32f4xx_hal_rcc.o [1]
HAL_RCC_GetSysClockFreq
                        0x080077ad    0x46  Code  Wk  stm32f4xx_hal_rcc.o [1]
HAL_RCC_OscConfig       0x08007429   0x242  Code  Wk  stm32f4xx_hal_rcc.o [1]
HAL_SYSTICK_CLKSourceConfig
                        0x08006c33    0x14  Code  Gb  stm32f4xx_hal_cortex.o [1]
HAL_SYSTICK_Callback    0x08006c69     0x2  Code  Wk  stm32f4xx_hal_cortex.o [1]
HAL_SYSTICK_Config      0x08006c0b    0x28  Code  Gb  stm32f4xx_hal_cortex.o [1]
HAL_SYSTICK_IRQHandler  0x08006c61     0x8  Code  Gb  stm32f4xx_hal_cortex.o [1]
HAL_UART_Init           0x08007ee9    0x28  Code  Gb  stm32f4xx_hal_uart.o [1]
HAL_UART_MspInit        0x08007d77    0x48  Code  Gb  usart.o [1]
HEAP$$Base              0x200005e0           --   Gb  - Linker created -
HEAP$$Limit             0x200007e0           --   Gb  - Linker created -
LoadInt                 0x080007e1    0x6e  Code  Lc  xprintffull.o [3]
MX_GPIO_Init            0x08007c15    0xf2  Code  Gb  gpio.o [1]
MX_LWIP_Init            0x08007dd1    0x5a  Code  Gb  lwip.o [1]
MX_USART3_UART_Init     0x08007d45    0x32  Code  Gb  usart.o [1]
NVIC_SetPriority        0x08006b89    0x1a  Code  Lc  stm32f4xx_hal_cortex.o [1]
Region$$Table$$Base     0x08008274           --   Gb  - Linker created -
Region$$Table$$Limit    0x08008294           --   Gb  - Linker created -
Rx_Buff                 0x20000968  0x1dc4  Data  Gb  ethernetif.o [1]
SysTick_Handler         0x080082d9     0xe  Code  Gb  stm32f4xx_it.o [1]
SystemClock_Config      0x0800792b    0xb0  Code  Gb  main.o [1]
SystemCoreClock         0x20000028     0x4  Data  Gb  system_stm32f4xx.o [1]
SystemInit              0x08008161    0x3a  Code  Gb  system_stm32f4xx.o [1]
Tx_Buff                 0x2000272c  0x1dc4  Data  Gb  ethernetif.o [1]
UART_SetConfig          0x08007f57   0x13a  Code  Lc  stm32f4xx_hal_uart.o [1]
User_notification       0x080079db    0x26  Code  Gb  main.o [1]
_EncodingSb_Mbtowc      0x08001ef3    0x30  Code  Gb  xencoding_sb.o [3]
_EncodingSb_Wctomb      0x08001ed9    0x1a  Code  Gb  xencoding_sb.o [3]
_GenldFull              0x0800106b   0x24c  Code  Lc  xprintffull.o [3]
_IsdstStr               0x20000168     0x4  Data  Gb  setlocale.o [3]
_LdtobFull              0x08000c69   0x3fc  Code  Lc  xprintffull.o [3]
_LitobFull              0x08000b61   0x106  Code  Lc  xprintffull.o [3]
_LocaleEncoding         0x08001ec5     0xe  Code  Gb  setlocale.o [3]
_LocaleReturnString     0x20000188    0x50  Data  Lc  setlocale.o [3]
_Locale_Profile         0x2000016c    0x1c  Data  Gb  setlocale.o [3]
_Locale_aeabi_lconv     0x2000012c    0x38  Data  Gb  localeconv.o [3]
_Locale_lconv           0x200000dc    0x50  Data  Gb  localeconv.o [3]
_Mbtowc                 0x080012ff    0x20  Code  Gb  xmbtowc.o [3]
_PrintfFull             0x080001ad   0x61e  Code  Gb  xprintffull.o [3]
_PutcharsFull           0x080012b7    0x2e  Code  Lc  xprintffull.o [3]
_PutstrFull             0x0800084f   0x30c  Code  Lc  xprintffull.o [3]
_Rand_idx               0x20000058     0x4  Data  Lc  rand.o [3]
_Rand_rv                0x2000005c    0x80  Data  Lc  rand.o [3]
_Randinit               0x20000050     0x1  Data  Gb  rand.o [3]
_Randseed               0x20000054     0x4  Data  Gb  rand.o [3]
_SProut                 0x0800131f     0xa  Code  Gb  xsprout.o [3]
_TzoneStr               0x20000164     0x4  Data  Gb  setlocale.o [3]
_Wctomb                 0x0800148d    0x1a  Code  Gb  xwctomb.o [3]
__aeabi_cdcmple         0x080016d1          Code  Gb  DblCmpLe.o [4]
__aeabi_cdrcmple        0x08001701          Code  Gb  DblCmpGe.o [4]
__aeabi_d2iz            0x08001845          Code  Gb  DblToI32.o [4]
__aeabi_d2uiz           0x08001871          Code  Gb  DblToI32.o [4]
__aeabi_ddiv            0x08001bf1          Code  Gb  DblDiv.o [4]
__aeabi_dmul            0x08001a4d          Code  Gb  DblMul.o [4]
__aeabi_dsub            0x080018cd          Code  Gb  DblSub.o [4]
__aeabi_i2d             0x0800189d          Code  Gb  I32ToDbl.o [4]
__aeabi_ldiv0           0x08001f65          Code  Gb  I64DivZer.o [5]
__aeabi_memclr4         0x08004b21          Code  Gb  ABImemclr4.o [5]
__aeabi_ui2d            0x080018b1          Code  Gb  I32ToDbl.o [4]
__aeabi_uldivmod        0x080015a1          Code  Gb  I64DivMod.o [5]
__cmain                 0x08008295          Code  Gb  cmain.o [5]
__data_Aldata           0x20007f6c     0x8  Data  Gb  xxmemxmalloc.o [3]
__data_GetMemChunk      0x08001f39    0x2c  Code  Gb  xgetmemchunk.o [3]
__exit                  0x080082c5    0x14  Code  Gb  exit.o [6]
__iar_Dnorm             0x0800168f    0x42  Code  Gb  xdnorm.o [4]
__iar_Dscale            0x08001731   0x114  Code  Gb  xdscale.o [4]
__iar_Locale_lconv_init
                        0x08001e49    0x3a  Code  Gb  localeconv.o [3]
__iar_Mbcurmax          0x080013d1     0xa  Code  Gb  xmbcurmax.o [3]
__iar_Memchr            0x08001379          Code  Gb  memchr.o [5]
__iar_Memset4_word      0x08006691          Code  Gb  ABImemset48.o [5]
__iar_Memset8_word      0x08006691          Code  Gb  ABImemset48.o [5]
__iar_Strchr            0x08001329          Code  Gb  strchr.o [5]
__iar_d2uiz             0x0800187d          Code  Gb  DblToI32.o [4]
__iar_dadd              0x08001f69          Code  Gb  DblAdd.o [4]
__iar_data_init3        0x08008229    0x28  Code  Gb  data_init.o [5]
__iar_dlib_perthread_access
                        0x0800203d     0x2  Code  Gb  xtls.o [3]
__iar_dsub              0x080018e1          Code  Gb  DblSub.o [4]
__iar_dsubStart         0x080018f3          Code  Gb  DblSub.o [4]
__iar_init_vfp          0x08008251          Code  Gb  fpinit_M.o [4]
__iar_packbits_init_single3
                        0x080081f1    0x38  Code  Gb  packbits_init_single.o [5]
__iar_program_start     0x08008301          Code  Gb  cstartup_M.o [5]
__iar_ui2d              0x080018b5          Code  Gb  I32ToDbl.o [4]
__iar_unaligned___aeabi_memcpy
                        0x080014a9          Code  Gb  ABImemcpy_unaligned.o [5]
__iar_unaligned___aeabi_memcpy4
                        0x080014c9          Code  Gb  ABImemcpy_unaligned.o [5]
__iar_unaligned___aeabi_memcpy8
                        0x080014c9          Code  Gb  ABImemcpy_unaligned.o [5]
__iar_unaligned_memcmp  0x080066c5          Code  Gb  memcmp_unaligned.o [5]
__iar_zero_init3        0x080081b1    0x40  Code  Gb  zero_init3.o [5]
__low_level_init        0x080082af     0x4  Code  Gb  low_level_init.o [3]
__vector_table          0x08000000          Data  Gb  startup_stm32f429xx.o [1]
_call_main              0x080082a1          Code  Gb  cmain.o [5]
_exit                   0x080082b9          Code  Gb  cexit.o [5]
_main                   0x080082ab          Code  Gb  cmain.o [5]
ackno                   0x20007f2c     0x4  Data  Lc  tcp_in.o [1]
arp_table               0x20007a18    0xf0  Data  Lc  etharp.o [1]
arp_timer               0x08004585     0xe  Code  Lc  lwip_timers.o [1]
data                    0x20007dcc    0x64  Data  Gb  main.o [1]
dhcp_arp_reply          0x08005961    0x68  Code  Gb  dhcp.o [1]
dhcp_bind               0x08005a77    0xba  Code  Lc  dhcp.o [1]
dhcp_check              0x080056dd    0x2a  Code  Lc  dhcp.o [1]
dhcp_coarse_tmr         0x08005795    0x7c  Code  Gb  dhcp.o [1]
dhcp_create_msg         0x08005d4f   0x114  Code  Lc  dhcp.o [1]
dhcp_delete_msg         0x08005e7d    0x16  Code  Lc  dhcp.o [1]
dhcp_discover           0x080059cf    0x52  Code  Lc  dhcp.o [1]
dhcp_discover_select_options
                        0x20000000     0x4  Data  Lc  dhcp.o [1]
dhcp_fine_tmr           0x08005811    0x7c  Code  Gb  dhcp.o [1]
dhcp_network_changed    0x0800593d    0x24  Code  Gb  dhcp.o [1]
dhcp_option             0x08005cdb    0x1e  Code  Lc  dhcp.o [1]
dhcp_option_byte        0x08005cf9    0x10  Code  Lc  dhcp.o [1]
dhcp_option_long        0x08005d13    0x24  Code  Lc  dhcp.o [1]
dhcp_option_short       0x08005d09     0xa  Code  Lc  dhcp.o [1]
dhcp_option_trailer     0x08005e93    0x34  Code  Lc  dhcp.o [1]
dhcp_reboot             0x08005ba5    0x66  Code  Lc  dhcp.o [1]
dhcp_release            0x08005c2f    0x9c  Code  Gb  dhcp.o [1]
dhcp_renew              0x08005b43    0x5a  Code  Gb  dhcp.o [1]
dhcp_select             0x08005707    0x6e  Code  Lc  dhcp.o [1]
dhcp_set_state          0x08005ccb    0x10  Code  Lc  dhcp.o [1]
dhcp_supplied_address   0x08005ec7    0x1c  Code  Gb  dhcp.o [1]
dhcp_t2_timeout         0x0800588d    0xa4  Code  Lc  dhcp.o [1]
dhcp_timer_coarse       0x08004599    0x14  Code  Lc  lwip_timers.o [1]
dhcp_timer_fine         0x080045ad    0x14  Code  Lc  lwip_timers.o [1]
div                     0x08001eb5     0xe  Code  Gb  div.o [3]
do_memp_free_pool       0x0800450f     0xa  Code  Lc  memp.o [1]
echoclient_pcb          0x20007f7c     0x4  Data  Gb  main.o [1]
etharp_arp_input        0x0800525d    0xee  Code  Lc  etharp.o [1]
etharp_cached_entry     0x20007fae     0x1  Data  Lc  etharp.o [1]
etharp_cleanup_netif    0x08005235    0x28  Code  Gb  etharp.o [1]
etharp_find_entry       0x080050c7    0xca  Code  Lc  etharp.o [1]
etharp_free_entry       0x0800504d    0x20  Code  Lc  etharp.o [1]
etharp_output           0x080053a3    0xe2  Code  Gb  etharp.o [1]
etharp_output_to_arp_index
                        0x0800534b    0x52  Code  Lc  etharp.o [1]
etharp_query            0x08005493    0xd8  Code  Gb  etharp.o [1]
etharp_raw              0x08005575    0xa0  Code  Lc  etharp.o [1]
etharp_request          0x08005639     0x6  Code  Gb  etharp.o [1]
etharp_request_dst      0x08005615    0x24  Code  Lc  etharp.o [1]
etharp_send_ip          0x08005191    0x2e  Code  Lc  etharp.o [1]
etharp_tmr              0x0800506d    0x5a  Code  Gb  etharp.o [1]
etharp_update_arp_entry
                        0x080051bf    0x76  Code  Lc  etharp.o [1]
ethbroadcast            0x080056cc     0x8  Data  Gb  etharp.o [1]
ethernet_input          0x0800563f    0x8c  Code  Gb  etharp.o [1]
ethernetif_init         0x080061e1    0x22  Code  Gb  ethernetif.o [1]
ethernetif_input        0x080061c1    0x20  Code  Gb  ethernetif.o [1]
ethernetif_set_link     0x08006207    0x32  Code  Gb  ethernetif.o [1]
ethzero                 0x080056d4     0x8  Data  Gb  etharp.o [1]
exit                    0x080082b3     0x4  Code  Gb  exit.o [3]
flags                   0x20007f04     0x1  Data  Lc  tcp_in.o [1]
free                    0x08001521    0x7a  Code  Gb  xxmemxfree.o [3]
gnetif                  0x20007e80    0x38  Data  Gb  lwip.o [1]
gw                      0x20007ec0     0x4  Data  Gb  lwip.o [1]
heth                    0x200007e0    0x48  Data  Gb  ethernetif.o [1]
huart3                  0x20007ec4    0x40  Data  Gb  usart.o [1]
icmp_dest_unreach       0x08006621     0x6  Code  Gb  icmp.o [1]
icmp_input              0x0800653d    0xe0  Code  Gb  icmp.o [1]
icmp_send_response      0x0800662b    0x66  Code  Lc  icmp.o [1]
icmp_time_exceeded      0x08006627     0x4  Code  Gb  icmp.o [1]
inseg                   0x20007f08    0x10  Data  Lc  tcp_in.o [1]
ip4_addr_isbroadcast_u32
                        0x08002c3d    0x34  Code  Gb  ip4_addr.o [1]
ip4_frag                0x08004eef   0x154  Code  Gb  ip_frag.o [1]
ip4_input               0x080048f9   0x15e  Code  Gb  ip4.o [1]
ip4_output_if           0x08004a57    0x24  Code  Gb  ip4.o [1]
ip4_output_if_src       0x08004a7b    0x90  Code  Gb  ip4.o [1]
ip4_reass               0x08004d83   0x150  Code  Gb  ip_frag.o [1]
ip4_route               0x080048a9    0x50  Code  Gb  ip4.o [1]
ip_addr_any             0x0800830c     0x4  Data  Gb  ip4_addr.o [1]
ip_addr_broadcast       0x08008310     0x4  Data  Gb  ip4_addr.o [1]
ip_data                 0x20007f38    0x18  Data  Gb  ip4.o [1]
ip_frag_free_pbuf_custom_ref
                        0x08004ed3     0x8  Code  Lc  ip_frag.o [1]
ip_id                   0x20007fac     0x2  Data  Lc  ip4.o [1]
ip_reass_chain_frag_into_datagram_and_validate
                        0x08004ca9    0xda  Code  Lc  ip_frag.o [1]
ip_reass_dequeue_datagram
                        0x08004c8b    0x1e  Code  Lc  ip_frag.o [1]
ip_reass_enqueue_new_datagram
                        0x08004c3b    0x50  Code  Lc  ip_frag.o [1]
ip_reass_free_complete_datagram
                        0x08004b55    0x70  Code  Lc  ip_frag.o [1]
ip_reass_pbufcount      0x20007f5c     0x2  Data  Lc  ip_frag.o [1]
ip_reass_remove_oldest_datagram
                        0x08004bc5    0x76  Code  Lc  ip_frag.o [1]
ip_reass_timer          0x08004575    0x10  Code  Lc  lwip_timers.o [1]
ip_reass_tmr            0x08004b29    0x2c  Code  Gb  ip_frag.o [1]
ipaddr                  0x20007eb8     0x4  Data  Gb  lwip.o [1]
ipfrag_free_pbuf_custom
                        0x08004edb    0x14  Code  Lc  ip_frag.o [1]
lfree                   0x20005db8     0x4  Data  Lc  mem.o [1]
localeconv              0x08001e83    0x16  Code  Gb  localeconv.o [3]
low_level_init          0x08005fa5    0xc4  Code  Lc  ethernetif.o [1]
low_level_input         0x08006109    0xb8  Code  Lc  ethernetif.o [1]
low_level_output        0x08006069    0xa0  Code  Lc  ethernetif.o [1]
lwip_htonl              0x08003089    0x18  Code  Gb  def.o [1]
lwip_htons              0x0800307d     0xa  Code  Gb  def.o [1]
lwip_init               0x080080d7    0x1e  Code  Gb  init.o [1]
lwip_ntohl              0x080030a1     0x2  Code  Gb  def.o [1]
lwip_ntohs              0x08003087     0x2  Code  Gb  def.o [1]
main                    0x080078bd    0x5a  Code  Gb  main.o [1]
malloc                  0x080013dd    0xac  Code  Gb  xxmemxmalloc.o [3]
mem_free                0x080046f3    0x68  Code  Gb  mem.o [1]
mem_init                0x080046c9    0x2a  Code  Gb  mem.o [1]
mem_malloc              0x08004807    0x9c  Code  Gb  mem.o [1]
mem_trim                0x0800475b    0xac  Code  Gb  mem.o [1]
memchr                  0x08001379          Code  Gb  memchr.o [5]
memp_FRAG_PBUF          0x08008130     0xc  Data  Gb  memp.o [1]
memp_PBUF               0x08008148     0xc  Data  Gb  memp.o [1]
memp_PBUF_POOL          0x08008154     0xc  Data  Gb  memp.o [1]
memp_REASSDATA          0x08008124     0xc  Data  Gb  memp.o [1]
memp_SYS_TIMEOUT        0x0800813c     0xc  Data  Gb  memp.o [1]
memp_TCP_PCB            0x08008100     0xc  Data  Gb  memp.o [1]
memp_TCP_PCB_LISTEN     0x0800810c     0xc  Data  Gb  memp.o [1]
memp_TCP_SEG            0x08008118     0xc  Data  Gb  memp.o [1]
memp_UDP_PCB            0x080080f4     0xc  Data  Gb  memp.o [1]
memp_free               0x08004519     0xe  Code  Gb  memp.o [1]
memp_init               0x080044dd    0x16  Code  Gb  memp.o [1]
memp_init_pool          0x080044b5    0x28  Code  Gb  memp.o [1]
memp_malloc             0x080044ff    0x10  Code  Gb  memp.o [1]
memp_malloc_pool        0x080044f3     0xc  Code  Gb  memp.o [1]
memp_memory_FRAG_PBUF_base
                        0x20007798   0x168  Data  Gb  memp.o [1]
memp_memory_PBUF_POOL_base
                        0x200044f0  0x18c0  Data  Gb  memp.o [1]
memp_memory_PBUF_base   0x20007d28    0xa0  Data  Gb  memp.o [1]
memp_memory_REASSDATA_base
                        0x20007c88    0xa0  Data  Gb  memp.o [1]
memp_memory_SYS_TIMEOUT_base
                        0x20007e30    0x50  Data  Gb  memp.o [1]
memp_memory_TCP_PCB_LISTEN_base
                        0x20007900   0x118  Data  Gb  memp.o [1]
memp_memory_TCP_PCB_base
                        0x200071d0   0x5c8  Data  Gb  memp.o [1]
memp_memory_TCP_SEG_base
                        0x20007bc8    0xc0  Data  Gb  memp.o [1]
memp_memory_UDP_PCB_base
                        0x20007b08    0xc0  Data  Gb  memp.o [1]
memp_pools              0x20000004    0x24  Data  Gb  memp.o [1]
memp_tab_FRAG_PBUF      0x20007f94     0x4  Data  Lc  memp.o [1]
memp_tab_PBUF           0x20007f9c     0x4  Data  Lc  memp.o [1]
memp_tab_PBUF_POOL      0x20007fa0     0x4  Data  Lc  memp.o [1]
memp_tab_REASSDATA      0x20007f90     0x4  Data  Lc  memp.o [1]
memp_tab_SYS_TIMEOUT    0x20007f98     0x4  Data  Lc  memp.o [1]
memp_tab_TCP_PCB        0x20007f84     0x4  Data  Lc  memp.o [1]
memp_tab_TCP_PCB_LISTEN
                        0x20007f88     0x4  Data  Lc  memp.o [1]
memp_tab_TCP_SEG        0x20007f8c     0x4  Data  Lc  memp.o [1]
memp_tab_UDP_PCB        0x20007f80     0x4  Data  Lc  memp.o [1]
message_count           0x20007dc8     0x4  Data  Gb  main.o [1]
netif_add               0x0800672b    0x4c  Code  Gb  netif.o [1]
netif_default           0x20007f58     0x4  Data  Gb  netif.o [1]
netif_init              0x08006729     0x2  Code  Gb  netif.o [1]
netif_issue_reports     0x0800680d    0x18  Code  Lc  netif.o [1]
netif_list              0x20007f54     0x4  Data  Gb  netif.o [1]
netif_num               0x20007f50     0x1  Data  Lc  netif.o [1]
netif_set_addr          0x08006777    0x20  Code  Gb  netif.o [1]
netif_set_default       0x080067e1     0x6  Code  Gb  netif.o [1]
netif_set_down          0x08006825    0x1a  Code  Gb  netif.o [1]
netif_set_gw            0x080067d1     0x8  Code  Gb  netif.o [1]
netif_set_ipaddr        0x08006797    0x3a  Code  Gb  netif.o [1]
netif_set_link_down     0x0800687b    0x1a  Code  Gb  netif.o [1]
netif_set_link_up       0x0800683f    0x3c  Code  Gb  netif.o [1]
netif_set_netmask       0x080067d9     0x8  Code  Gb  netif.o [1]
netif_set_up            0x080067f1    0x1c  Code  Gb  netif.o [1]
netmask                 0x20007ebc     0x4  Data  Gb  lwip.o [1]
next_timeout            0x20007f64     0x4  Data  Lc  lwip_timers.o [1]
pbuf_alloc              0x08002c71   0x108  Code  Gb  pbuf.o [1]
pbuf_alloced_custom     0x08002d89    0x50  Code  Gb  pbuf.o [1]
pbuf_cat                0x08002f05    0x26  Code  Gb  pbuf.o [1]
pbuf_chain              0x08002f2b    0x10  Code  Gb  pbuf.o [1]
pbuf_clen               0x08002eeb    0x10  Code  Gb  pbuf.o [1]
pbuf_copy               0x08002f3b    0x92  Code  Gb  pbuf.o [1]
pbuf_copy_partial       0x08002fcd    0x60  Code  Gb  pbuf.o [1]
pbuf_free               0x08002e9f    0x4c  Code  Gb  pbuf.o [1]
pbuf_header             0x08002e97     0x4  Code  Gb  pbuf.o [1]
pbuf_header_force       0x08002e9b     0x4  Code  Gb  pbuf.o [1]
pbuf_header_impl        0x08002e2d    0x6a  Code  Lc  pbuf.o [1]
pbuf_realloc            0x08002dd9    0x54  Code  Gb  pbuf.o [1]
pbuf_ref                0x08002efb     0xa  Code  Gb  pbuf.o [1]
pbuf_take               0x0800302d    0x50  Code  Gb  pbuf.o [1]
ram                     0x20005db0     0x4  Data  Lc  mem.o [1]
ram_end                 0x20005db4     0x4  Data  Lc  mem.o [1]
ram_heap                0x20005dbc  0x1414  Data  Gb  mem.o [1]
rand                    0x08006895    0xe0  Code  Gb  rand.o [3]
reassdatagrams          0x20007f60     0x4  Data  Lc  ip_frag.o [1]
recv_data               0x20007f30     0x4  Data  Lc  tcp_in.o [1]
recv_flags              0x20007f05     0x1  Data  Lc  tcp_in.o [1]
seqno                   0x20007f28     0x4  Data  Lc  tcp_in.o [1]
sprintf                 0x08007eb5    0x34  Code  Gb  sprintf.o [3]
strchr                  0x08001329          Code  Gb  strchr.o [5]
strlen                  0x08001341          Code  Gb  strlen.o [5]
sys_check_timeouts      0x0800465b    0x3e  Code  Gb  lwip_timers.o [1]
sys_now                 0x08006203     0x4  Code  Gb  ethernetif.o [1]
sys_timeout             0x080045f5    0x66  Code  Gb  lwip_timers.o [1]
sys_timeouts_init       0x080045c1    0x34  Code  Gb  lwip_timers.o [1]
tcp_abandon             0x080031ff    0xb0  Code  Gb  tcp.o [1]
tcp_abort               0x080032af     0x4  Code  Gb  tcp.o [1]
tcp_active_pcbs         0x2000003c     0x4  Data  Gb  tcp.o [1]
tcp_active_pcbs_changed
                        0x2000002c     0x1  Data  Gb  tcp.o [1]
tcp_alloc               0x080037fb   0x104  Code  Gb  tcp.o [1]
tcp_arg                 0x08003909     0x4  Code  Gb  tcp.o [1]
tcp_backoff             0x08003a54    0x10  Data  Gb  tcp.o [1]
tcp_bound_pcbs          0x20000034     0x4  Data  Gb  tcp.o [1]
tcp_close               0x080031ed    0x12  Code  Gb  tcp.o [1]
tcp_close_shutdown      0x080030c5   0x120  Code  Lc  tcp.o [1]
tcp_connect             0x0800337b    0xd6  Code  Gb  tcp.o [1]
tcp_create_segment      0x08003b2f    0x96  Code  Lc  tcp_out.o [1]
tcp_echoclient_connect  0x08007a01    0x1e  Code  Gb  main.o [1]
tcp_echoclient_connected
                        0x08007a21    0x98  Code  Lc  main.o [1]
tcp_echoclient_connection_close
                        0x08007ba1    0x30  Code  Lc  main.o [1]
tcp_echoclient_poll     0x08007b59    0x32  Code  Lc  main.o [1]
tcp_echoclient_recv     0x08007ab9    0x60  Code  Lc  main.o [1]
tcp_echoclient_send     0x08007b19    0x3e  Code  Lc  main.o [1]
tcp_echoclient_sent     0x08007b8d    0x14  Code  Lc  main.o [1]
tcp_eff_send_mss_impl   0x080039b7    0x22  Code  Gb  tcp.o [1]
tcp_enqueue_flags       0x08003f37    0x9c  Code  Gb  tcp_out.o [1]
tcp_fasttmr             0x080036b3    0x58  Code  Gb  tcp.o [1]
tcp_getoptbyte          0x08002b71    0x26  Code  Lc  tcp_in.o [1]
tcp_init                0x080030a5     0x2  Code  Gb  tcp.o [1]
tcp_input               0x08002041   0x37c  Code  Gb  tcp_in.o [1]
tcp_input_pcb           0x20007f34     0x4  Data  Gb  tcp_in.o [1]
tcp_keepalive           0x080043b7    0x3c  Code  Gb  tcp_out.o [1]
tcp_kill_state          0x080037c7    0x34  Code  Lc  tcp.o [1]
tcp_listen_input        0x080023c7    0xdc  Code  Lc  tcp_in.o [1]
tcp_listen_pcbs         0x20000038     0x4  Data  Gb  tcp.o [1]
tcp_netif_ipv4_addr_changed
                        0x080039f7    0x3c  Code  Gb  tcp.o [1]
tcp_netif_ipv4_addr_changed_pcblist
                        0x080039d9    0x1e  Code  Lc  tcp.o [1]
tcp_new                 0x08003905     0x4  Code  Gb  tcp.o [1]
tcp_new_port            0x0800332f    0x4c  Code  Lc  tcp.o [1]
tcp_next_iss            0x080039ab     0xc  Code  Gb  tcp.o [1]
tcp_optidx              0x20007f1a     0x2  Data  Lc  tcp_in.o [1]
tcp_output              0x0800403b   0x170  Code  Gb  tcp_out.o [1]
tcp_output_alloc_header
                        0x08003a7d    0x70  Code  Lc  tcp_out.o [1]
tcp_output_segment      0x080041b9    0xba  Code  Lc  tcp_out.o [1]
tcp_parseopt            0x08002b97    0x7e  Code  Lc  tcp_in.o [1]
tcp_pbuf_prealloc       0x08003bc5    0x5a  Code  Lc  tcp_out.o [1]
tcp_pcb_lists           0x08003a6c    0x10  Data  Gb  tcp.o [1]
tcp_pcb_purge           0x0800391d    0x42  Code  Gb  tcp.o [1]
tcp_pcb_remove          0x0800395f    0x4c  Code  Gb  tcp.o [1]
tcp_persist_backoff     0x08003a64     0x8  Data  Gb  tcp.o [1]
tcp_poll                0x08003915     0x8  Code  Gb  tcp.o [1]
tcp_port                0x200001d8     0x2  Data  Lc  tcp.o [1]
tcp_process             0x080024a5   0x2f0  Code  Lc  tcp_in.o [1]
tcp_process_refused_data
                        0x0800370b    0x6c  Code  Gb  tcp.o [1]
tcp_receive             0x080027b9   0x392  Code  Lc  tcp_in.o [1]
tcp_recv                0x0800390d     0x4  Code  Gb  tcp.o [1]
tcp_recv_null           0x080037a5    0x22  Code  Gb  tcp.o [1]
tcp_recved              0x080032e9    0x46  Code  Gb  tcp.o [1]
tcp_rexmit              0x0800432d    0x44  Code  Gb  tcp_out.o [1]
tcp_rexmit_fast         0x08004371    0x46  Code  Gb  tcp_out.o [1]
tcp_rexmit_rto          0x08004303    0x2a  Code  Gb  tcp_out.o [1]
tcp_rst                 0x08004285    0x7e  Code  Gb  tcp_out.o [1]
tcp_seg_free            0x08003789    0x1c  Code  Gb  tcp.o [1]
tcp_segs_free           0x08003777    0x12  Code  Gb  tcp.o [1]
tcp_send_empty_ack      0x08003fd3    0x60  Code  Gb  tcp_out.o [1]
tcp_send_fin            0x08003aed    0x42  Code  Gb  tcp_out.o [1]
tcp_sent                0x08003911     0x4  Code  Gb  tcp.o [1]
tcp_slowtmr             0x08003451   0x262  Code  Gb  tcp.o [1]
tcp_ticks               0x20000030     0x4  Data  Gb  tcp.o [1]
tcp_timer               0x20007faf     0x1  Data  Lc  tcp.o [1]
tcp_timer_ctr           0x2000002d     0x1  Data  Lc  tcp.o [1]
tcp_timer_needed        0x0800454f    0x1e  Code  Gb  lwip_timers.o [1]
tcp_tmr                 0x080030a7    0x1e  Code  Gb  tcp.o [1]
tcp_trigger_input_pcb_close
                        0x08002c15     0xc  Code  Gb  tcp_in.o [1]
tcp_tw_pcbs             0x20000040     0x4  Data  Gb  tcp.o [1]
tcp_update_rcv_ann_wnd  0x080032b3    0x36  Code  Gb  tcp.o [1]
tcp_write               0x08003c1f   0x2f4  Code  Gb  tcp_out.o [1]
tcp_zero_window_probe   0x080043ff    0x9c  Code  Gb  tcp_out.o [1]
tcphdr                  0x20007f20     0x4  Data  Lc  tcp_in.o [1]
tcphdr_opt1len          0x20007f18     0x2  Data  Lc  tcp_in.o [1]
tcphdr_opt2             0x20007f24     0x4  Data  Lc  tcp_in.o [1]
tcpip_tcp_timer         0x0800452d    0x22  Code  Lc  lwip_timers.o [1]
tcpip_tcp_timer_active  0x20007f78     0x4  Data  Lc  lwip_timers.o [1]
tcplen                  0x20007f1c     0x2  Data  Lc  tcp_in.o [1]
timeouts_last_time      0x20007f68     0x4  Data  Lc  lwip_timers.o [1]
udp_bind                0x08006471    0x9a  Code  Gb  udp.o [1]
udp_init                0x08006269     0x2  Code  Gb  udp.o [1]
udp_input               0x0800626b   0x144  Code  Gb  udp.o [1]
udp_netif_ipv4_addr_changed
                        0x0800650b    0x26  Code  Gb  udp.o [1]
udp_pcbs                0x2000004c     0x4  Data  Gb  udp.o [1]
udp_port                0x20000048     0x2  Data  Lc  udp.o [1]
udp_sendto_if           0x080063af    0x26  Code  Gb  udp.o [1]
udp_sendto_if_src       0x080063d5    0x9c  Code  Gb  udp.o [1]
uwTick                  0x20007fa4     0x4  Data  Gb  stm32f4xx_hal.o [1]


[1] = C:\Users\bruno montanari\Desktop\Treinamentos\DistSession\2016\6_Ethernet\Lab1\EWARM\Lab1\Obj
[2] = command line
[3] = dl7M_tlf.a
[4] = m7M_tls.a
[5] = rt7M_tl.a
[6] = shb_l.a

  33 794 bytes of readonly  code memory
     223 bytes of readonly  data memory
  32 682 bytes of readwrite data memory

Errors: none
Warnings: none
